 SkyOS32

 Timestamp is 5b13c9aa (Sun Jun  3 19:57:46 2018)

 Preferred load address is 00100000

 Start         Length     Name                   Class
 0001:00000000 00004384H .text$mn                CODE
 0002:00000000 000000dcH .rdata                  DATA
 0002:000000dc 00000000H .edata                  DATA
 0002:000000dc 000000b0H .rdata$zzzdbg           DATA
 0003:00000000 00000004H .CRT$XCA                DATA
 0003:00000004 00000004H .CRT$XCZ                DATA
 0003:00000008 00000004H .CRT$XIA                DATA
 0003:0000000c 00000004H .CRT$XIZ                DATA
 0003:00000010 00000280H .data                   DATA
 0003:00000290 00001c4cH .bss                    DATA

  Address         Publics by Value              Rva+Base       Lib:Object

 0000:00000000       ___hybrid_code_map_count   00000000     <absolute>
 0000:00000000       ___enclave_config          00000000     <absolute>
 0000:00000000       ___guard_fids_count        00000000     <absolute>
 0000:00000000       ___guard_fids_table        00000000     <absolute>
 0000:00000000       ___hybrid_code_map         00000000     <absolute>
 0000:00000000       ___guard_flags             00000000     <absolute>
 0000:00000000       ___guard_longjmp_count     00000000     <absolute>
 0000:00000000       ___guard_longjmp_table     00000000     <absolute>
 0000:00000000       ___dynamic_value_reloc_table 00000000     <absolute>
 0000:00000000       ___hybrid_auxiliary_iat    00000000     <absolute>
 0000:00000000       ___guard_iat_table         00000000     <absolute>
 0000:00000000       ___guard_iat_count         00000000     <absolute>
 0001:00000000       ?multiboot_entry@@YAXXZ    00100400 f   kmain.obj
 0001:00000040       ?GDTInitialize@@YAHXZ      00100440 f   GDT.obj
 0001:00000110       ?gdt_set_descriptor@@YAXI_K0EE@Z 00100510 f   GDT.obj
 0001:00000200       ?OutPortByte@@YAXGE@Z      00100600 f   Hal.obj
 0001:00000210       ?setvect@@YAXHA6AXXZH@Z    00100610 f   Hal.obj
 0001:00000240       ?IDTInitialize@@YA_NG@Z    00100640 f   IDT.obj
 0001:000002e0       ?InstallInterrputHandler@@YA_NIGGP6AXXZ@Z 001006e0 f   IDT.obj
 0001:000003b0       ?InterrputDefaultHandler@@YAXXZ 001007b0 f   IDT.obj
 0001:000003c0       ?SendEOI@@YAXXZ            001007c0 f   IDT.obj
 0001:000003e0       ?PICInitialize@@YAXEE@Z    001007e0 f   Pic.obj
 0001:00000490       ?SendCommandToPIC@@YAXEE@Z 00100890 f i Pic.obj
 0001:000004e0       ?SendDataToPIC@@YAXEE@Z    001008e0 f i Pic.obj
 0001:00000530       ?InitializePIT@@YAXXZ      00100930 f   PIT.obj
 0001:00000550       ?InterruptPITHandler@@YAXXZ 00100950 f   PIT.obj
 0001:000005a0       ?SendPITCommand@@YAXE@Z    001009a0 f   PIT.obj
 0001:000005c0       ?SendPITData@@YAXGE@Z      001009c0 f   PIT.obj
 0001:00000620       ?StartPITCounter@@YAXIEE@Z 00100a20 f   PIT.obj
 0001:000006c0       ?HardwareInitialize@@YAXXZ 00100ac0 f   kmain.obj
 0001:000006f0       ?kmain@@YAXKK@Z            00100af0 f   kmain.obj
 0001:00000750       ?kEnterCriticalSection@@YAXPAU_CRITICAL_SECTION@@@Z 00100b50 f   SkyAPI.obj
 0001:00000770       ?kLeaveCriticalSection@@YAXPAU_CRITICAL_SECTION@@@Z 00100b70 f   SkyAPI.obj
 0001:00000790       ?Clear@SkyConsole@@YAXXZ   00100b90 f   SkyConsole.obj
 0001:000007f0       ?Initialize@SkyConsole@@YAXXZ 00100bf0 f   SkyConsole.obj
 0001:000008a0       ?MoveCursor@SkyConsole@@YAXII@Z 00100ca0 f   SkyConsole.obj
 0001:00000960       ?Print@SkyConsole@@YAXPBDZZ 00100d60 f   SkyConsole.obj
 0001:00000c50       ?Write@SkyConsole@@YAXPBD@Z 00101050 f   SkyConsole.obj
 0001:00000c90       ?WriteChar@SkyConsole@@YAXDW4ConsoleColor@@0@Z 00101090 f   SkyConsole.obj
 0001:00000e20       ?scrollup@SkyConsole@@YAXXZ 00101220 f   SkyConsole.obj
 0001:00000ec0       _memcpy                    001012c0 f   CommonLib:memory.obj
 0001:00000f10       _memset                    00101310 f   CommonLib:memory.obj
 0001:00000f40       _memcmp                    00101340 f   CommonLib:memory.obj
 0001:00000fb0       _memmove                   001013b0 f   CommonLib:memory.obj
 0001:00001030       _memchr                    00101430 f   CommonLib:memory.obj
 0001:00001080       _atexit                    00101480 f   CommonLib:cstd.obj
 0001:000010d0       ?_atexit_init@@YAXXZ       001014d0 f   CommonLib:cstd.obj
 0001:000010f0       ?Exit@@YAXXZ               001014f0 f   CommonLib:cstd.obj
 0001:00001130       ?InitializeConstructors@@YAXXZ 00101530 f   CommonLib:cstd.obj
 0001:00001150       ?_purecall_handler@@YAHXZ  00101550 f   CommonLib:cstd.obj
 0001:00001160       __CIcos                    00101560 f   CommonLib:cstd.obj
 0001:00001170       __CIsin                    00101570 f   CommonLib:cstd.obj
 0001:00001180       __CIsqrt                   00101580 f   CommonLib:cstd.obj
 0001:00001190       __ftol2_sse                00101590 f   CommonLib:cstd.obj
 0001:000011a0       __aullshr                  001015a0 f   CommonLib:cstd.obj
 0001:000011f0       _strcpy                    001015f0 f   CommonLib:string.obj
 0001:00001230       _strlen                    00101630 f   CommonLib:string.obj
 0001:00001260       _strcmp                    00101660 f   CommonLib:string.obj
 0001:000012c0       _strncmp                   001016c0 f   CommonLib:string.obj
 0001:00001340       _strncasecmp               00101740 f   CommonLib:string.obj
 0001:000013f0       _strstr                    001017f0 f   CommonLib:string.obj
 0001:00001470       _strupr                    00101870 f   CommonLib:string.obj
 0001:000014c0       _strcat                    001018c0 f   CommonLib:string.obj
 0001:00001530       _strncat                   00101930 f   CommonLib:string.obj
 0001:00001590       _strchr                    00101990 f   CommonLib:string.obj
 0001:000015d0       _stricmp                   001019d0 f   CommonLib:string.obj
 0001:000016c0       _strpbrk                   00101ac0 f   CommonLib:string.obj
 0001:00001710       _strtok                    00101b10 f   CommonLib:string.obj
 0001:00001790       _strspn                    00101b90 f   CommonLib:string.obj
 0001:00001800       _strncpy                   00101c00 f   CommonLib:string.obj
 0001:00001850       _strnicmp                  00101c50 f   CommonLib:string.obj
 0001:000018c0       _strnchr                   00101cc0 f   CommonLib:string.obj
 0001:00001910       _strrchr                   00101d10 f   CommonLib:string.obj
 0001:00001960       _strxfrm                   00101d60 f   CommonLib:string.obj
 0001:000019f0       _strcoll                   00101df0 f   CommonLib:string.obj
 0001:00001a10       _strtod                    00101e10 f   CommonLib:string.obj
 0001:00001db0       _strcspn                   001021b0 f   CommonLib:string.obj
 0001:00001e20       _ftoa_fixed                00102220 f   CommonLib:string.obj
 0001:00001fc0       _ftoa_sci                  001023c0 f   CommonLib:string.obj
 0001:00002120       _strichr                   00102520 f   CommonLib:string.obj
 0001:00002200       ?memsetw@@YAPAGPAGGI@Z     00102600 f   CommonLib:string.obj
 0001:00002240       ?normalize@@YAHPAN@Z       00102640 f   CommonLib:string.obj
 0001:00002300       _sprintf                   00102700 f   CommonLib:sprintf.obj
 0001:00002330       _itoa                      00102730 f   CommonLib:sprintf.obj
 0001:00002400       _itoa_s                    00102800 f   CommonLib:sprintf.obj
 0001:00002430       __i64toa                   00102830 f   CommonLib:sprintf.obj
 0001:00002540       ?itoa_s@@YAXHIPAD@Z        00102940 f   CommonLib:sprintf.obj
 0001:00002580       _strtoul                   00102980 f   CommonLib:stdio.obj
 0001:000027e0       _vsprintf                  00102be0 f   CommonLib:stdio.obj
 0001:00002c50       _strtol                    00103050 f   CommonLib:stdio.obj
 0001:00002ee0       _atoi                      001032e0 f   CommonLib:stdio.obj
 0001:00002f00       _atof                      00103300 f   CommonLib:stdio.obj
 0001:00003090       _sscanf                    00103490 f   CommonLib:stdio.obj
 0001:000030c0       ?simple_strtoul@@YAKPBDPAPADI@Z 001034c0 f   CommonLib:stdio.obj
 0001:000031f0       ?simple_strtol@@YAJPBDPAPADI@Z 001035f0 f   CommonLib:stdio.obj
 0001:00003230       ?simple_strtoull@@YA_KPBDPAPADI@Z 00103630 f   CommonLib:stdio.obj
 0001:00003380       ?simple_strtoll@@YA_JPBDPAPADI@Z 00103780 f   CommonLib:stdio.obj
 0001:00003420       ?vsscanf@@YAHPBD0PAE@Z     00103820 f   CommonLib:stdio.obj
 0001:00003b50       __aulldiv                  00103f50 f   CommonLib:ulldiv.obj
 0001:00003bc0       __aullrem                  00103fc0 f   CommonLib:ullrem.obj
 0001:00003e30       _atob                      00104230 f   CommonLib:atob.obj
 0001:00003e80       _btoa                      00104280 f   CommonLib:atob.obj
 0001:00003ff0       _gethex                    001043f0 f   CommonLib:atob.obj
 0001:00004180       __isctype                  00104580 f   CommonLib:ctype.obj
 0001:000041b0       _isspace                   001045b0 f   CommonLib:ctype.obj
 0001:000041d0       _isupper                   001045d0 f   CommonLib:ctype.obj
 0001:000041f0       _islower                   001045f0 f   CommonLib:ctype.obj
 0001:00004210       _isdigit                   00104610 f   CommonLib:ctype.obj
 0001:00004230       _isxdigit                  00104630 f   CommonLib:ctype.obj
 0001:00004250       _ispunct                   00104650 f   CommonLib:ctype.obj
 0001:00004270       _isalpha                   00104670 f   CommonLib:ctype.obj
 0001:00004290       _isalnum                   00104690 f   CommonLib:ctype.obj
 0001:000042b0       _isprint                   001046b0 f   CommonLib:ctype.obj
 0001:000042d0       _isgraph                   001046d0 f   CommonLib:ctype.obj
 0001:000042f0       _iscntrl                   001046f0 f   CommonLib:ctype.obj
 0001:00004310       _isleadbyte                00104710 f   CommonLib:ctype.obj
 0001:00004330       _toupper                   00104730 f   CommonLib:ctype.obj
 0001:00004360       _tolower                   00104760 f   CommonLib:ctype.obj
 0002:00000070       __real@0000000000000000    00104870     CommonLib:string.obj
 0002:00000078       __real@3fb999999999999a    00104878     CommonLib:string.obj
 0002:00000080       __real@3ff0000000000000    00104880     CommonLib:string.obj
 0002:00000088       __real@4024000000000000    00104888     CommonLib:string.obj
 0002:00000090       __real@41cdcd6500000000    00104890     CommonLib:string.obj
 0002:000000a0       __xmm@80000000000000008000000000000000 001048a0     CommonLib:string.obj
 0003:00000000       ?__xc_a@@3PAP6AXXZA        00104c00     CommonLib:cstd.obj
 0003:00000004       ?__xc_z@@3PAP6AXXZA        00104c04     CommonLib:cstd.obj
 0003:00000008       ?__xi_a@@3PAP6AXXZA        00104c08     CommonLib:cstd.obj
 0003:0000000c       ?__xi_z@@3PAP6AXXZA        00104c0c     CommonLib:cstd.obj
 0003:00000014       __fltused                  00104c14     CommonLib:cstd.obj
 0003:00000068       ?bchars@@3PADA             00104c68     CommonLib:sprintf.obj
 0003:00000080       __pctype                   00104c80     CommonLib:ctype.obj
 0003:00000088       ?_ctype@@3PAGA             00104c88     CommonLib:ctype.obj
 0003:00000af0       ?_pitTicks@@3IC            001056f0     PIT.obj
 0003:00000af4       ?_lastTickCount@@3KA       001056f4     PIT.obj
 0003:00000af8       ?g_criticalSection@@3U_CRITICAL_SECTION@@A 001056f8     SkyAPI.obj
 0003:00000b30       ?runtimeTempBuffer@@3PADA  00105730     CommonLib:cstd.obj
 0003:00001ebc       ?tbuf@@3PADA               00106abc     CommonLib:sprintf.obj

 entry point at        0000:00000000

 Static symbols

 0001:00000100       ?InstallGDT@@YAXXZ         00100500 f   GDT.obj
 0001:000002d0       ?IDTInstall@@YAXXZ         001006d0 f   IDT.obj
 0001:00000c04       $LN21                      00101004     SkyConsole.obj
 0001:00000c20       $LN20                      00101020     SkyConsole.obj
 0001:000011c0       ?_initterm@@YAXPAP6AXXZ0@Z 001015c0 f   CommonLib:cstd.obj
 0001:00002180       ?ToUpper@@YAEE@Z           00102580 f   CommonLib:string.obj
 0001:000021b0       ?IsDigit@@YAEE@Z           001025b0 f   CommonLib:string.obj
 0001:000021d0       ?IsSpace@@YAEE@Z           001025d0 f   CommonLib:string.obj
 0001:000022d0       ?ToLower@@YAEE@Z           001026d0 f   CommonLib:string.obj
 0001:00002bf4       $LN23                      00102ff4     CommonLib:stdio.obj
 0001:00002c18       $LN22                      00103018     CommonLib:stdio.obj
 0001:000033d0       ?skip_atoi@@YAHPAPBD@Z     001037d0 f   CommonLib:stdio.obj
 0001:00003a8c       $LN78                      00103e8c     CommonLib:stdio.obj
 0001:00003ab4       $LN76                      00103eb4     CommonLib:stdio.obj
 0001:00003b08       $LN79                      00103f08     CommonLib:stdio.obj
 0001:00003b1c       $LN77                      00103f1c     CommonLib:stdio.obj
 0001:00003b50       $$000000                   00103f50     CommonLib:ulldiv.obj
 0001:00003bc0       $$000000                   00103fc0     CommonLib:ullrem.obj
 0001:00003c40       __atob                     00104040 f   CommonLib:atob.obj
 0001:000040d0       __getbase                  001044d0 f   CommonLib:atob.obj
 0001:00004164       $LN11                      00104564     CommonLib:atob.obj
 0001:00004174       $LN10                      00104574     CommonLib:atob.obj
 0002:00000000       $SG2914                    00104800     PIT.obj
 0002:00000014       $SG6217                    00104814     kmain.obj
 0002:00000038       $SG6218                    00104838     kmain.obj
 0002:00000050       $SG6224                    00104850     kmain.obj
 0002:00000068       $SG5836                    00104868     SkyAPI.obj
 0002:000000b0       $SG3113                    001048b0     CommonLib:stdio.obj
 0003:00000010       ?max_atexitlist_entries@@3IA 00104c10     CommonLib:cstd.obj
 0003:00000018       ?maxExponent@@3HA          00104c18     CommonLib:string.obj
 0003:00000020       ?powersOf10@@3PANA         00104c20     CommonLib:string.obj
 0003:00000078       $SG2626                    00104c78     CommonLib:atob.obj
 0003:00000290       ?_gdt@@3PAUgdt_descriptor@@A 00104e90     GDT.obj
 0003:000002e0       ?_gdtr@@3Ugdtr@@A          00104ee0     GDT.obj
 0003:000002e8       ?_idt@@3PAUidt_descriptor@@A 00104ee8     IDT.obj
 0003:00000ae8       ?_idtr@@3Uidtr@@A          001056e8     IDT.obj
 0003:00000b00       ?m_Color@SkyConsole@@3W4ConsoleColor@@A 00105700     SkyConsole.obj
 0003:00000b04       ?m_Text@SkyConsole@@3W4ConsoleColor@@A 00105704     SkyConsole.obj
 0003:00000b08       ?m_backGroundColor@SkyConsole@@3W4ConsoleColor@@A 00105708     SkyConsole.obj
 0003:00000b0c       ?m_xPos@SkyConsole@@3IA    0010570c     SkyConsole.obj
 0003:00000b10       ?m_yPos@SkyConsole@@3IA    00105710     SkyConsole.obj
 0003:00000b14       ?m_pVideoMemory@SkyConsole@@3PAGA 00105714     SkyConsole.obj
 0003:00000b18       ?m_ScreenHeight@SkyConsole@@3IA 00105718     SkyConsole.obj
 0003:00000b1c       ?m_ScreenWidth@SkyConsole@@3IA 0010571c     SkyConsole.obj
 0003:00000b20       ?m_VideoCardType@SkyConsole@@3GA 00105720     SkyConsole.obj
 0003:00000b28       ?pf_atexitlist@@3PAP6AXXZA 00105728     CommonLib:cstd.obj
 0003:00000b2c       ?cur_atexitlist_entries@@3IA 0010572c     CommonLib:cstd.obj
 0003:00001eb8       ?lastToken@?1??strtok@@9@4PADA 00106ab8     CommonLib:string.obj
